
> frontend@0.0.0 build
> next build

   Γû▓ Next.js 14.1.0
   - Environments: .env.local, .env.production

   Creating an optimized production build ...
npm : Failed to compile.
At line:1 char:1
+ npm run build 2>&1 | 
Out-File -FilePath 
build-output.txt
+ ~~~~~~~~~~~~~~~~~~
    + CategoryInfo        
      : NotSpecified: (F  
  ailed to compile.:Str   
 ing) [], RemoteExcept    
ion
    + FullyQualifiedError 
   Id : NativeCommandErr  
  or
 

./app/(admin-portal)/admin
/cms/about/page.tsx
Error: 
  [31mx[0m Expected 
';', '}' or <eof>
   ,-[[36;1;4mC:\Users\sa
ksa\OneDrive\Desktop\yoyop
ark\ninjainflatablepark11\
park1\frontend\app\(admin-
portal)\admin\cms\about\pa
ge.tsx[0m:1:1]
 [2m1[0m | 'use 
client') as any[];
   : [31;1m^^^^^^|^^^^^[
0m[33;1m^[0m
   :       [31;1m`-- 
[31;1mThis is the 
expression part of an 
expression 
statement[0m[0m
 [2m2[0m | 
 [2m3[0m | import 
React, { useEffect, 
useState } from 'react') 
as any[];
 [2m3[0m | import { 
getPageSections } from '@/
app/actions/page-sections'
) as any[];
   `----

Caused by:
    Syntax Error

Import trace for 
requested module:
./app/(admin-portal)/admin
/cms/about/page.tsx

./app/(admin-portal)/admin
/cms/attractions/new/page.
tsx
Error: 
  [31mx[0m Expected 
';', '}' or <eof>
   ,-[[36;1;4mC:\Users\sa
ksa\OneDrive\Desktop\yoyop
ark\ninjainflatablepark11\
park1\frontend\app\(admin-
portal)\admin\cms\attracti
ons\new\page.tsx[0m:1:1]
 [2m1[0m | 'use 
client') as any[];
   : [31;1m^^^^^^|^^^^^[
0m[33;1m^[0m
   :       [31;1m`-- 
[31;1mThis is the 
expression part of an 
expression 
statement[0m[0m
 [2m2[0m | 
 [2m3[0m | import React 
from 'react') as any[];
 [2m3[0m | import { 
createActivity } from '@/a
pp/actions/activities') 
as any[];
   `----

Caused by:
    Syntax Error

Import trace for 
requested module:
./app/(admin-portal)/admin
/cms/attractions/new/page.
tsx

./app/(admin-portal)/admin
/cms/attractions/page.tsx
Error: 
  [31mx[0m Expected 
';', got ')'
   ,-[[36;1;4mC:\Users\sa
ksa\OneDrive\Desktop\yoyop
ark\ninjainflatablepark11\
park1\frontend\app\(admin-
portal)\admin\cms\attracti
ons\page.tsx[0m:1:1]
 [2m1[0m | import React 
from 'react') as any[];
   : [31;1m              
           ^[0m
 [2m2[0m | import { 
getPageSections } from '@/
app/actions/page-sections'
) as any[];
 [2m3[0m | import { 
getActivities } from '@/ap
p/actions/activities') as 
any[];
 [2m3[0m | import { 
getFacilityItems } from '@
/app/actions/facility-item
s') as any[];
   `----

Caused by:
    Syntax Error

Import trace for 
requested module:
./app/(admin-portal)/admin
/cms/attractions/page.tsx

./app/(admin-portal)/admin
/cms/contact-info/new/page
.tsx
Error: 
  [31mx[0m Expected 
';', '}' or <eof>
   ,-[[36;1;4mC:\Users\sa
ksa\OneDrive\Desktop\yoyop
ark\ninjainflatablepark11\
park1\frontend\app\(admin-
portal)\admin\cms\contact-
info\new\page.tsx[0m:1:1]
 [2m1[0m | "use 
client") as any[];
   : [31;1m^^^^^^|^^^^^[
0m[33;1m^[0m
   :       [31;1m`-- 
[31;1mThis is the 
expression part of an 
expression 
statement[0m[0m
 [2m2[0m | 
 [2m3[0m | import React 
from 'react') as any[];
 [2m3[0m | import { 
createContactInfo } from '
@/app/actions/contact-info
') as any[];
   `----

Caused by:
    Syntax Error

Import trace for 
requested module:
./app/(admin-portal)/admin
/cms/contact-info/new/page
.tsx

./app/(admin-portal)/admin
/cms/contact-info/page.tsx
Error: 
  [31mx[0m Expected 
';', got ')'
   ,-[[36;1;4mC:\Users\sa
ksa\OneDrive\Desktop\yoyop
ark\ninjainflatablepark11\
park1\frontend\app\(admin-
portal)\admin\cms\contact-
info\page.tsx[0m:1:1]
 [2m1[0m | import React 
from 'react') as any[];
   : [31;1m              
           ^[0m
 [2m2[0m | import { 
getContactInfos, 
deleteContactInfo } from '
@/app/actions/contact-info
') as any[];
 [2m3[0m | import { 
CollectionList } from '@/c
omponents/admin/cms/Collec
tionList') as any[];
 [2m3[0m | import { 
schemas } from 
'@/lib/cms/schema') as 
any[];
   `----

Caused by:
    Syntax Error

Import trace for 
requested module:
./app/(admin-portal)/admin
/cms/contact-info/page.tsx


> Build failed because of 
webpack errors
npm ERR! Lifecycle script 
`build` failed with 
error: 
npm ERR! Error: command 
failed 
npm ERR!   in workspace: 
frontend@0.0.0 
npm ERR!   at location: C:
\Users\saksa\OneDrive\Desk
top\yoyopark\ninjainflatab
lepark11\park1\frontend 
